STAGE 0: states=239359 edges=670648 rho_est=11.07200683 CERTIFIED rho(T^2) >= 396751290368/37010391040 = 10.71999726  [0s]
  widths: 0:1 2:2 4:6 6:19 8:66 10:236 12:868 14:3235 16:12190 18:46252 20:176484
STAGE 1: states=415843 edges=847132 rho_est=11.04923385 CERTIFIED rho(T^2) >= 208884482048/18973593600 = 11.00922084  [0s]
  widths: 0:1 2:2 4:6 6:19 8:66 10:236 12:868 14:3235 16:12190 18:46252 20:176484 22:176484
STAGE 2: states=898917 edges=2106736 rho_est=11.16420277 CERTIFIED rho(T^2) >= 210265370624/18843179008 = 11.15869942  [4s]
  widths: 0:1 2:2 4:6 6:19 8:66 10:236 12:868 14:3235 16:12190 18:46252 20:176484 22:483074 24:176484
STAGE 3: states=1000000 edges=2392388 rho_est=11.20346099 CERTIFIED rho(T^2) >= 108122088448/9659270144 = 11.19360851  [1s]
  widths: 2:2 4:6 6:19 8:66 10:236 12:868 14:3235 16:12190 18:46252 20:174389 22:522092 24:240645
STAGE 4: states=2078531 edges=4748367 rho_est=11.26942539 CERTIFIED rho(T^2) >= 50070640640/4450158592 = 11.25142837  [4s]
  widths: 2:2 4:6 6:19 8:66 10:236 12:868 14:3235 16:12190 18:46252 20:176463 22:604153 24:994396 26:240645
STAGE 5: states=4266207 edges=9976277 rho_est=11.34335469 CERTIFIED rho(T^2) >= 1681263828992/148244905984 = 11.34112378  [30s]
  widths: 2:2 4:6 6:19 8:66 10:236 12:868 14:3235 16:12190 18:46252 20:176484 22:656485 24:1766264 26:1363455 28:240645
STAGE 6: states=2000000 edges=5491277 rho_est=11.33178821 CERTIFIED rho(T^2) >= 75151590400/6643389440 = 11.31223618  [4s]
  widths: 2:2 4:6 6:19 8:66 10:236 12:868 14:3235 16:12190 18:46194 20:165381 22:522479 24:1123562 26:125762
STAGE 7: states=3752851 edges=8314037 rho_est=11.35772737 CERTIFIED rho(T^2) >= 149214310400/13155360768 = 11.34247194  [8s]
  widths: 2:2 4:6 6:19 8:66 10:236 12:868 14:3235 16:12190 18:46252 20:175246 22:585374 24:1497696 26:1305899 28:125762
STAGE 8: states=8004942 edges=19090301 rho_est=11.42817126 CERTIFIED rho(T^2) >= 2086435323904/182631956480 = 11.42426202  [61s]
  widths: 2:2 4:6 6:19 8:66 10:236 12:868 14:3235 16:12190 18:46252 20:176393 22:642617 24:1899909 26:3572173 28:1525214 30:125762
STAGE 9: states=3500000 edges=9489434 rho_est=11.39857610 CERTIFIED rho(T^2) >= 342900119552/30169667584 = 11.36572415  [8s]
  widths: 2:2 4:6 6:19 8:66 10:236 12:868 14:3235 16:12190 18:46166 20:166880 22:535977 24:1373174 26:1310347 28:50834
STAGE 10: states=6658730 edges=14884055 rho_est=11.42243027 CERTIFIED rho(T^2) >= 239048464384/20956829696 = 11.40670931  [17s]
  widths: 2:2 4:6 6:19 8:66 10:236 12:868 14:3235 16:12190 18:46252 20:175177 22:597815 24:1678971 26:2705868 28:1387191 30:50834
STAGE 11: states=14119641 edges=33606399 rho_est=11.48516502 CERTIFIED rho(T^2) >= 418485325824/36452081664 = 11.48042325  [124s]
  widths: 2:2 4:6 6:19 8:66 10:236 12:868 14:3235 16:12190 18:46252 20:176368 22:647687 24:2008629 26:4668591 28:5074772 30:1480720
STAGE 12: states=3500001 edges=9500914 rho_est=11.41023244 CERTIFIED rho(T^2) >= 3434903928832/302103101440 = 11.36997241  [8s]
  widths: 2:2 4:6 6:19 8:66 10:236 12:868 14:3235 16:12190 18:45855 20:161109 22:507742 24:1238569 26:1352973 28:176905 30:226
STAGE 13: states=6685473 edges=14942416 rho_est=11.43077270 CERTIFIED rho(T^2) >= 515709026304/45174374400 = 11.41596388  [17s]
  widths: 2:2 4:6 6:19 8:66 10:236 12:868 14:3235 16:12190 18:46245 20:172582 22:571629 24:1555525 26:2564570 28:1580953 30:177347
STAGE 14: states=14045212 edges=33600391 rho_est=11.49330725 CERTIFIED rho(T^2) >= 206183596032/17948399616 = 11.48757552  [125s]
  widths: 2:2 4:6 6:19 8:66 10:236 12:868 14:3235 16:12190 18:46252 20:175844 22:627135 24:1897553 26:4315907 28:5064232 30:1901667
STAGE 15: states=3500000 edges=9513408 rho_est=11.41240648 CERTIFIED rho(T^2) >= 955416461312/83807846400 = 11.40008367  [25s]
  widths: 2:2 4:6 6:19 8:66 10:236 12:868 14:3235 16:12189 18:45561 20:158628 22:490813 24:1149021 26:1298639 28:328362 30:12355
FINAL: states=3500000 CERTIFIED rho(T^2) >= 955416461312/83807846400 = 11.40008367 => R >= 11.400084 (written r35_*.bin)
