STAGE 0: states=239359 edges=670648 rho_est=11.06053867 CERTIFIED rho(T^2) >= 929845075968/85456510976 = 10.88091551  [0s]
  widths: 0:1 2:2 4:6 6:19 8:66 10:236 12:868 14:3235 16:12190 18:46252 20:176484
STAGE 1: states=415843 edges=847132 rho_est=11.04639250 CERTIFIED rho(T^2) >= 197285314560/17900216320 = 11.02139276  [1s]
  widths: 0:1 2:2 4:6 6:19 8:66 10:236 12:868 14:3235 16:12190 18:46252 20:176484 22:176484
STAGE 2: states=898917 edges=2106736 rho_est=11.16372052 CERTIFIED rho(T^2) >= 206634586112/18513897472 = 11.16105274  [5s]
  widths: 0:1 2:2 4:6 6:19 8:66 10:236 12:868 14:3235 16:12190 18:46252 20:176484 22:483074 24:176484
STAGE 3: states=1000162 edges=2392669 rho_est=11.20346491 CERTIFIED rho(T^2) >= 313130881024/27964063744 = 11.19761720  [2s]
  widths: 2:2 4:6 6:19 8:66 10:236 12:868 14:3235 16:12190 18:46252 20:174388 22:522150 24:240750
STAGE 4: states=2078953 edges=4749369 rho_est=11.27012545 CERTIFIED rho(T^2) >= 53665736704/4766529536 = 11.25887006  [5s]
  widths: 2:2 4:6 6:19 8:66 10:236 12:868 14:3235 16:12190 18:46252 20:176463 22:604203 24:994663 26:240750
STAGE 5: states=4267010 edges=9978086 rho_est=11.34326601 CERTIFIED rho(T^2) >= 147164164096/12974807040 = 11.34230079  [37s]
  widths: 2:2 4:6 6:19 8:66 10:236 12:868 14:3235 16:12190 18:46252 20:176484 22:656493 24:1766526 26:1363883 28:240750
STAGE 6: states=2000600 edges=5492798 rho_est=11.33139725 CERTIFIED rho(T^2) >= 74085833728/6545071104 = 11.31933214  [5s]
  widths: 2:2 4:6 6:19 8:66 10:236 12:868 14:3235 16:12190 18:46194 20:165388 22:522511 24:1123868 26:126017
STAGE 7: states=3754036 edges=8316641 rho_est=11.35804188 CERTIFIED rho(T^2) >= 264250937344/23291230208 = 11.34551224  [10s]
  widths: 2:2 4:6 6:19 8:66 10:236 12:868 14:3235 16:12190 18:46252 20:175243 22:585403 24:1497947 26:1306552 28:126017
STAGE 8: states=8007437 edges=19096206 rho_est=11.42807215 CERTIFIED rho(T^2) >= 2062483619840/180506771456 = 11.42607340  [77s]
  widths: 2:2 4:6 6:19 8:66 10:236 12:868 14:3235 16:12190 18:46252 20:176392 22:642618 24:1900087 26:3573157 28:1526292 30:126017
STAGE 9: states=3512172 edges=9522169 rho_est=11.39803700 CERTIFIED rho(T^2) >= 332304080896/29215973376 = 11.37405475  [11s]
  widths: 2:2 4:6 6:19 8:66 10:236 12:868 14:3235 16:12190 18:46166 20:166936 22:536247 24:1375066 26:1318935 28:52200
STAGE 10: states=6681820 edges=14935492 rho_est=11.42325768 CERTIFIED rho(T^2) >= 242923499520/21288730624 = 11.41089639  [21s]
  widths: 2:2 4:6 6:19 8:66 10:236 12:868 14:3235 16:12190 18:46252 20:175185 22:598060 24:1680598 26:2715275 28:1397628 30:52200
STAGE 11: states=14219509 edges=33773921 rho_est=11.48527168 CERTIFIED rho(T^2) >= 214509729792/18681266176 = 11.48261193  [157s]
  widths: 2:2 4:6 6:19 8:66 10:236 12:868 14:3235 16:12190 18:46252 20:176368 22:647785 24:2009903 26:4676712 28:5100077 30:1493590 32:52200
